                                ; firmware v3.13
                                READ_VSTAT equ $0641
                                WRITE_VREG equ $0636
                                
                                org $9000
                                
                                ;INSTALL:
                                ;   LD DE, MYROUTINE
                                ;   JP $2617
                                
                                MYROUTINE:
9000: F5                           push af
9001: D5                           push de
9002: E5                           push hl
                                
9003: 1E F6                        ld   e, $F6      ; red border
9005: 3E 07                        ld   a, $07      ;
9007: CD 36 06                     call WRITE_VREG  ;
                                
                                P1:
900A: 21 DA 02                     ld   hl, $02da   ; wait
900D: CD 2C 90                     call wait        ;
                                
9010: 1E F7                        ld   e, $F7      ; cyan border
9012: 3E 07                        ld   a, $07      ;
9014: CD 36 06                     call WRITE_VREG  ;
                                P2:
9017: 21 00 05                     ld   hl, $0500   ; wait
901A: CD 2C 90                     call wait        ;
                                
901D: 1E F4                        ld   e, $F4      ; blue border
901F: 3E 07                        ld   a, $07      ;
9021: CD 36 06                     call WRITE_VREG  ;
                                
9024: CD 41 06                     call READ_VSTAT  ; ACK NMI by reading the VDP status register
                                
9027: E1                           pop hl
9028: D1                           pop de
9029: F1                           pop af
                                
902A: ED 45                        RETN
                                
                                ; wait by simply decrementing HL to 0
                                wait:
902C: 2B                           dec  hl
902D: 7D                           ld   a, l
902E: B4                           or   h
902F: 20 FB                        jr   nz, wait
9031: C9                           ret
                                
                                ;
                                ; alternative NMI routine that
                                ; doesn't write to the VDP
                                ;
                                
                                ; counter: dw 0
                                ;
                                ; MYROUTINE2:
                                ;    push af
                                ;    push de
                                ;    push hl
                                ;
                                ;    ld hl, (counter)
                                ;    inc hl
                                ;    ld (counter), hl
                                ;
                                ;    call READ_VSTAT         ; ACK NMI by reading the VDP status register
                                ;
                                ;    pop hl
                                ;    pop de
                                ;    pop af
                                ;
                                ;    RETN
                                

9032:
